../Core/Src/main.c:91:5:main	144	static
../Core/Src/main.c:188:6:SystemClock_Config	88	static
../Core/Src/main.c:233:13:MX_I2C1_Init	8	static
../Core/Src/main.c:265:13:MX_USART2_UART_Init	8	static
../Core/Src/main.c:296:13:MX_GPIO_Init	48	static
../Core/Src/main.c:372:6:StartDefaultTask	16	static
../Core/Src/main.c:400:6:StartTask02	48	static
../Core/Src/main.c:527:6:StartTask03	24	static
../Core/Src/main.c:545:6:StartTask04	24	static
../Core/Src/main.c:593:6:HAL_TIM_PeriodElapsedCallback	16	static
../Core/Src/main.c:609:6:Error_Handler	4	static,ignoring_inline_asm
